// Jest Snapshot v1, https://goo.gl/fbAQLP

exports[`renders correctly 1`] = `
<View>
  <Text
    style={
      Object {
        "borderBottomColor": "#191970",
        "borderBottomWidth": 1,
        "color": "grey",
        "fontSize": 25,
        "fontWeight": "200",
        "marginTop": 30,
        "textAlign": "center",
      }
    }
  />
  <View>
    <Image
      source={
        Object {
          "uri": "https://www.kaphstore.com/resources/assets/front/images/cartempty.png",
        }
      }
      style={
        Object {
          "height": 100,
          "marginHorizontal": 140,
          "marginVertical": 40,
          "width": 100,
        }
      }
    />
  </View>
</View>
`;
